---
source: src/schema/tests.rs
assertion_line: 380
expression: "Schema::from_json(&json, false, 30).to_json()"
---
{
  "x": {
    "optional": true,
    "types": [
      "NUMBER",
      "NULL"
    ],
    "values": [
      1
    ]
  },
  "y": {
    "optional": true,
    "types": [
      "NUMBER"
    ],
    "values": [
      7
    ]
  }
}
