---
source: src/schema/tests.rs
assertion_line: 368
expression: "Schema::from_json(&json, true, 30).to_json()"
---
{
  "items": {
    "types": [
      {
        "ARRAY": [
          {
            "a": {
              "types": [
                "NUMBER"
              ],
              "values": [
                1,
                2
              ]
            },
            "b": {
              "optional": true,
              "types": [
                "NUMBER"
              ],
              "values": [
                20
              ]
            }
          }
        ]
      }
    ]
  }
}
