---
source: src/schema/tests.rs
assertion_line: 344
expression: "Schema::from_json(&json, true).to_json()"
---
{
  "addr": {
    "optional": true,
    "types": [
      {
        "x": {
          "types": [
            "NUMBER"
          ]
        },
        "y": {
          "optional": true,
          "types": [
            "NUMBER"
          ]
        }
      }
    ]
  },
  "other": {
    "optional": true,
    "types": [
      "NUMBER"
    ]
  }
}
