---
source: src/schema/tests.rs
assertion_line: 104
expression: "Schema::from_json(&json, false, 30).to_json()"
---
{
  "info": {
    "types": [
      {
        "a": {
          "types": [
            "NUMBER"
          ],
          "values": [
            1
          ]
        }
      },
      {
        "a": {
          "types": [
            "NUMBER"
          ],
          "values": [
            1
          ]
        },
        "b": {
          "types": [
            "NUMBER"
          ],
          "values": [
            2
          ]
        }
      }
    ]
  }
}
