---
source: src/schema/tests.rs
assertion_line: 223
expression: "Schema::from_json(&json, true).to_json()"
---
{
  "address": {
    "types": [
      "NULL",
      {
        "city": {
          "types": [
            "STRING(6, 8)"
          ]
        },
        "country": {
          "optional": true,
          "types": [
            "STRING(3, 7)"
          ]
        },
        "country_code": {
          "optional": true,
          "types": [
            "STRING(2)"
          ]
        },
        "state": {
          "optional": true,
          "types": [
            "STRING(10, 11)"
          ]
        },
        "street": {
          "types": [
            "STRING(9, 17)"
          ]
        },
        "zip": {
          "types": [
            "STRING(5, 8)"
          ]
        }
      }
    ]
  },
  "age": {
    "types": [
      "NUMBER",
      "STRING(2)"
    ]
  },
  "name": {
    "types": [
      "STRING(8, 15)"
    ]
  },
  "personal_data": {
    "types": [
      {
        "gender": {
          "types": [
            "STRING(4, 6)"
          ]
        },
        "marital_status": {
          "optional": true,
          "types": [
            "STRING(6, 7)"
          ]
        }
      }
    ]
  },
  "phones": {
    "types": [
      "NULL",
      {
        "ARRAY": [
          {
            "fax": {
              "optional": true,
              "types": [
                "STRING(13)"
              ]
            },
            "mobile": {
              "types": [
                "STRING(10, 13)"
              ]
            }
          },
          "NUMBER",
          "STRING(10, 17)"
        ]
      }
    ]
  },
  "title": {
    "types": [
      "STRING(0, 3)"
    ]
  }
}
